UNCAPPED original Newton continuation from immutable production t=.1
target 0.15 {'iteration': 1, 'relative_residual': 0.00806392052032256, 'linear_iterations': 49, 'true_linear_relative_residual': 8.62347841677716e-13, 'linear_wall_s': 75.86900849999984, 'maximum_log_direction': 3.8619288868518034, 'minimum_signed_log_direction': -3.8619288868518034, 'maximum_signed_log_direction': 0.13161762387480916, 'objective_descent': -6.12100017192033e-05, 'mobility_curvature': 4.839502334460319e-05}
target 0.15 {'iteration': 1, 'relative_residual': 0.00806392052032256, 'linear_iterations': 49, 'true_linear_relative_residual': 8.62347841677716e-13, 'linear_wall_s': 75.86900849999984, 'maximum_log_direction': 3.8619288868518034, 'minimum_signed_log_direction': -3.8619288868518034, 'maximum_signed_log_direction': 0.13161762387480916, 'objective_descent': -6.12100017192033e-05, 'mobility_curvature': 4.839502334460319e-05, 'fraction': 1.0, 'backtracks': 0, 'maximum_log_step': np.float64(3.8619288868518034), 'objective_change': -3.051192811685018e-05}
target 0.15 {'iteration': 2, 'relative_residual': 6.267084223382016e-05, 'linear_iterations': 81, 'true_linear_relative_residual': 8.391355563448258e-13, 'linear_wall_s': 124.29763000000003, 'maximum_log_direction': 95.1324641615886, 'minimum_signed_log_direction': -95.1324641615886, 'maximum_signed_log_direction': 0.006017743734922498, 'objective_descent': -3.5547564464375965e-09, 'mobility_curvature': 2.6136863540728954e-09}
target 0.15 {'iteration': 2, 'relative_residual': 6.267084223382016e-05, 'linear_iterations': 81, 'true_linear_relative_residual': 8.391355563448258e-13, 'linear_wall_s': 124.29763000000003, 'maximum_log_direction': 95.1324641615886, 'minimum_signed_log_direction': -95.1324641615886, 'maximum_signed_log_direction': 0.006017743734922498, 'objective_descent': -3.5547564464375965e-09, 'mobility_curvature': 2.6136863540728954e-09, 'fraction': 1.0, 'backtracks': 0, 'maximum_log_step': np.float64(95.1324641615886), 'objective_change': -1.7775051709380894e-09}
target 0.15 {'iteration': 3, 'relative_residual': 7.664963927485615e-09, 'linear_iterations': 187, 'true_linear_relative_residual': 9.51535321316662e-13, 'linear_wall_s': 276.972684417, 'maximum_log_direction': 183.6137235785433, 'minimum_signed_log_direction': -183.6137235785433, 'maximum_signed_log_direction': 0.0014613237661694428, 'objective_descent': -5.183587002119092e-17, 'mobility_curvature': 4.6611495347049805e-17}
target 0.15 {'iteration': 3, 'relative_residual': 7.664963927485615e-09, 'linear_iterations': 187, 'true_linear_relative_residual': 9.51535321316662e-13, 'linear_wall_s': 276.972684417, 'maximum_log_direction': 183.6137235785433, 'minimum_signed_log_direction': -183.6137235785433, 'maximum_signed_log_direction': 0.0014613237661694428, 'objective_descent': -5.183587002119092e-17, 'mobility_curvature': 4.6611495347049805e-17, 'fraction': 1.0, 'backtracks': 0, 'maximum_log_step': np.float64(183.6137235785433), 'objective_change': -2.5917935447292456e-17}
ACCEPTED 0.15 485.46969758399973
target 0.2 {'iteration': 1, 'relative_residual': 0.007767758506738682, 'linear_iterations': 87, 'true_linear_relative_residual': 7.856952338589195e-13, 'linear_wall_s': 68.09460216700063, 'maximum_log_direction': 672.5657100277875, 'minimum_signed_log_direction': -672.5657100277875, 'maximum_signed_log_direction': 0.2451811362780923, 'objective_descent': -5.6279857021935306e-05, 'mobility_curvature': 4.3207280470297345e-05}
target 0.2 {'iteration': 1, 'relative_residual': 0.007767758506738682, 'linear_iterations': 87, 'true_linear_relative_residual': 7.856952338589195e-13, 'linear_wall_s': 68.09460216700063, 'maximum_log_direction': 672.5657100277875, 'minimum_signed_log_direction': -672.5657100277875, 'maximum_signed_log_direction': 0.2451811362780923, 'objective_descent': -5.6279857021935306e-05, 'mobility_curvature': 4.3207280470297345e-05, 'fraction': 0.5, 'backtracks': 1, 'maximum_log_step': np.float64(336.28285501389377), 'objective_change': -2.1094403165364488e-05}
target 0.2 {'iteration': 2, 'relative_residual': 0.0038747820000004825, 'linear_iterations': 87, 'true_linear_relative_residual': 8.314307024565672e-13, 'linear_wall_s': 61.11816075000024, 'maximum_log_direction': 313.843210050788, 'minimum_signed_log_direction': -313.843210050788, 'maximum_signed_log_direction': 0.10310478383604547, 'objective_descent': -1.3944955506059217e-05, 'mobility_curvature': 1.0693248880165423e-05}
target 0.2 {'iteration': 2, 'relative_residual': 0.0038747820000004825, 'linear_iterations': 87, 'true_linear_relative_residual': 8.314307024565672e-13, 'linear_wall_s': 61.11816075000024, 'maximum_log_direction': 313.843210050788, 'minimum_signed_log_direction': -313.843210050788, 'maximum_signed_log_direction': 0.10310478383604547, 'objective_descent': -1.3944955506059217e-05, 'mobility_curvature': 1.0693248880165423e-05, 'fraction': 0.5, 'backtracks': 1, 'maximum_log_step': np.float64(156.921605025394), 'objective_change': -5.2280991737769726e-06}
target 0.2 {'iteration': 3, 'relative_residual': 0.0019351826142635995, 'linear_iterations': 87, 'true_linear_relative_residual': 9.27159821380162e-13, 'linear_wall_s': 94.68516658299995, 'maximum_log_direction': 149.90095729401742, 'minimum_signed_log_direction': -149.90095729401742, 'maximum_signed_log_direction': 0.04789985222015911, 'objective_descent': -3.4712194206805707e-06, 'mobility_curvature': 2.6604096940123715e-06}
target 0.2 {'iteration': 3, 'relative_residual': 0.0019351826142635995, 'linear_iterations': 87, 'true_linear_relative_residual': 9.27159821380162e-13, 'linear_wall_s': 94.68516658299995, 'maximum_log_direction': 149.90095729401742, 'minimum_signed_log_direction': -149.90095729401742, 'maximum_signed_log_direction': 0.04789985222015911, 'objective_descent': -3.4712194206805707e-06, 'mobility_curvature': 2.6604096940123715e-06, 'fraction': 0.03125, 'backtracks': 5, 'maximum_log_step': np.float64(4.684404915438044), 'objective_change': -1.0678063800299416e-07}
Traceback (most recent call last):
  File "/Users/rogerio/local/sato_morrison_handoff/verification/landau_production20_uncapped_continuation.py", line 45, in <module>
    answer=landau_entropy_step(grid,state,.05,compiled=c,linear_max_steps=200,rtol=1e-10,linear_rtol=1e-12,max_steps=8,max_log_step=None,iteration_callback=iteration)
           ^^^^^^^^^^^^^^^^^^^^^^^^^^^^^^^^^^^^^^^^^^^^^^^^^^^^^^^^^^^^^^^^^^^^^^^^^^^^^^^^^^^^^^^^^^^^^^^^^^^^^^^^^^^^^^^^^^^^^^^^^^^^^^^^^^^^^^^^^^^^^^^^^^^^^^^^^^^
  File "/Users/rogerio/local/sato-morrison/src/sato_morrison/controls.py", line 800, in landau_entropy_step
    return lagged_entropy_step(grid,f,dt,collision_strength=gamma,compiled=compiled,chunk_size=chunk_size,linear_max_steps=linear_max_steps,**kwargs)
           ^^^^^^^^^^^^^^^^^^^^^^^^^^^^^^^^^^^^^^^^^^^^^^^^^^^^^^^^^^^^^^^^^^^^^^^^^^^^^^^^^^^^^^^^^^^^^^^^^^^^^^^^^^^^^^^^^^^^^^^^^^^^^^^^^^^^^^^^^^
  File "/Users/rogerio/local/sato-morrison/src/sato_morrison/solver.py", line 530, in lagged_entropy_step
    start=perf_counter();answer=correct(new_log,old,dt,diagonal,linear_rtol)
                                ^^^^^^^^^^^^^^^^^^^^^^^^^^^^^^^^^^^^^^^^^^^^
  File "/Users/rogerio/local/sato_morrison_handoff/verification/landau_production20_uncapped_continuation.py", line 21, in correct
    ans=c0.correction(*args);ans[0].block_until_ready()
                             ^^^^^^^^^^^^^^^^^^^^^^^^^^
KeyboardInterrupt
