Nonuniform positive nonlinear collision evolution; D=0.1, T=0.02; natural collision boundaries; fixed-initial-population Newton-PCG; output=/home/runner/work/sato-morrison/sato-morrison/results/nonuniform_spatial_blocks
Execution fields=['dipole'], cases=['mu_tail']; no historical method mixing.
Evolve positive nonuniform boxes and compare independent refinements
  Starting dipole, mu_tail: {'mumax': 24.0}
  Preparing/compiling dipole: 65625 nodes, 17193750 local pairs, full spatial-block Newton-PCG; one factor 62.6 MiB before runtime workspace
  Evolve positive nonuniform boxes and compare independent refinements: 15.0 s elapsed
  Evolve positive nonuniform boxes and compare independent refinements: 30.0 s elapsed
  Evolve positive nonuniform boxes and compare independent refinements: 45.0 s elapsed
  Evolve positive nonuniform boxes and compare independent refinements: 60.0 s elapsed
  Evolve positive nonuniform boxes and compare independent refinements: 75.0 s elapsed
  Evolve positive nonuniform boxes and compare independent refinements: 90.0 s elapsed
  Evolve positive nonuniform boxes and compare independent refinements: 105.0 s elapsed
  Evolve positive nonuniform boxes and compare independent refinements: 120.0 s elapsed
  Evolve positive nonuniform boxes and compare independent refinements: 135.0 s elapsed
  Evolve positive nonuniform boxes and compare independent refinements: 150.0 s elapsed
  Evolve positive nonuniform boxes and compare independent refinements: 165.0 s elapsed
  Evolve positive nonuniform boxes and compare independent refinements: 180.0 s elapsed
  Evolve positive nonuniform boxes and compare independent refinements: 195.0 s elapsed
  Evolve positive nonuniform boxes and compare independent refinements: 210.0 s elapsed
  Evolve positive nonuniform boxes and compare independent refinements: 225.0 s elapsed
  Evolve positive nonuniform boxes and compare independent refinements: 240.0 s elapsed
  Evolve positive nonuniform boxes and compare independent refinements: 255.0 s elapsed
  Evolve positive nonuniform boxes and compare independent refinements: 270.0 s elapsed
  Evolve positive nonuniform boxes and compare independent refinements: 285.0 s elapsed
  Evolve positive nonuniform boxes and compare independent refinements: 300.0 s elapsed
  Evolve positive nonuniform boxes and compare independent refinements: 315.0 s elapsed
  Evolve positive nonuniform boxes and compare independent refinements: 330.0 s elapsed
  Evolve positive nonuniform boxes and compare independent refinements: 345.0 s elapsed
  Evolve positive nonuniform boxes and compare independent refinements: 360.0 s elapsed
    step 1, Newton 1: PCG 300, true residual 8.802e-07, 354.2s
  Evolve positive nonuniform boxes and compare independent refinements: 375.0 s elapsed
  Evolve positive nonuniform boxes and compare independent refinements: 390.0 s elapsed
  Evolve positive nonuniform boxes and compare independent refinements: 405.0 s elapsed
  Evolve positive nonuniform boxes and compare independent refinements: 420.0 s elapsed
  Evolve positive nonuniform boxes and compare independent refinements: 435.0 s elapsed
  Evolve positive nonuniform boxes and compare independent refinements: 450.0 s elapsed
  Evolve positive nonuniform boxes and compare independent refinements: 465.0 s elapsed
  Evolve positive nonuniform boxes and compare independent refinements: 480.0 s elapsed
  Evolve positive nonuniform boxes and compare independent refinements: 495.0 s elapsed
  Evolve positive nonuniform boxes and compare independent refinements: 510.0 s elapsed
  Evolve positive nonuniform boxes and compare independent refinements: 525.0 s elapsed
  Evolve positive nonuniform boxes and compare independent refinements: 540.0 s elapsed
  Evolve positive nonuniform boxes and compare independent refinements: 555.0 s elapsed
    step 1, Newton 2: PCG 160, true residual 9.469e-07, 189.5s
  Evolve positive nonuniform boxes and compare independent refinements: 570.0 s elapsed
  Evolve positive nonuniform boxes and compare independent refinements: 585.0 s elapsed
  Evolve positive nonuniform boxes and compare independent refinements: 600.0 s elapsed
  Evolve positive nonuniform boxes and compare independent refinements: 615.0 s elapsed
  Evolve positive nonuniform boxes and compare independent refinements: 630.0 s elapsed
  Evolve positive nonuniform boxes and compare independent refinements: 645.0 s elapsed
  Evolve positive nonuniform boxes and compare independent refinements: 660.0 s elapsed
  Evolve positive nonuniform boxes and compare independent refinements: 675.0 s elapsed
  Evolve positive nonuniform boxes and compare independent refinements: 690.0 s elapsed
    step 1, Newton 3: PCG 113, true residual 7.870e-07, 134.3s
  Evolve positive nonuniform boxes and compare independent refinements: 705.0 s elapsed
  Evolve positive nonuniform boxes and compare independent refinements: 720.0 s elapsed
  Evolve positive nonuniform boxes and compare independent refinements: 735.0 s elapsed
  Evolve positive nonuniform boxes and compare independent refinements: 750.0 s elapsed
  Evolve positive nonuniform boxes and compare independent refinements: 765.0 s elapsed
  Evolve positive nonuniform boxes and compare independent refinements: 780.0 s elapsed
  Evolve positive nonuniform boxes and compare independent refinements: 795.0 s elapsed
  Evolve positive nonuniform boxes and compare independent refinements: 810.0 s elapsed
  Evolve positive nonuniform boxes and compare independent refinements: 825.0 s elapsed
  Evolve positive nonuniform boxes and compare independent refinements: 840.0 s elapsed
  Evolve positive nonuniform boxes and compare independent refinements: 855.0 s elapsed
    step 1, Newton 4: PCG 144, true residual 5.582e-07, 171.9s
  Evolve positive nonuniform boxes and compare independent refinements: 870.0 s elapsed
  Evolve positive nonuniform boxes and compare independent refinements: 885.0 s elapsed
  Evolve positive nonuniform boxes and compare independent refinements: 900.0 s elapsed
  Evolve positive nonuniform boxes and compare independent refinements: 915.0 s elapsed
  Evolve positive nonuniform boxes and compare independent refinements: 930.0 s elapsed
  Evolve positive nonuniform boxes and compare independent refinements: 945.0 s elapsed
  Evolve positive nonuniform boxes and compare independent refinements: 960.0 s elapsed
  Evolve positive nonuniform boxes and compare independent refinements: 975.0 s elapsed
  Evolve positive nonuniform boxes and compare independent refinements: 990.0 s elapsed
  Evolve positive nonuniform boxes and compare independent refinements: 1005.0 s elapsed
  Evolve positive nonuniform boxes and compare independent refinements: 1020.0 s elapsed
    step 1, Newton 5: PCG 130, true residual 9.624e-07, 155.1s
  Evolve positive nonuniform boxes and compare independent refinements: 1035.0 s elapsed
  Evolve positive nonuniform boxes and compare independent refinements: 1050.0 s elapsed
  Evolve positive nonuniform boxes and compare independent refinements: 1065.0 s elapsed
  Evolve positive nonuniform boxes and compare independent refinements: 1080.0 s elapsed
  Evolve positive nonuniform boxes and compare independent refinements: 1095.0 s elapsed
  Evolve positive nonuniform boxes and compare independent refinements: 1110.0 s elapsed
  Evolve positive nonuniform boxes and compare independent refinements: 1125.0 s elapsed
  Evolve positive nonuniform boxes and compare independent refinements: 1140.0 s elapsed
  Evolve positive nonuniform boxes and compare independent refinements: 1155.0 s elapsed
  Evolve positive nonuniform boxes and compare independent refinements: 1170.0 s elapsed
  Evolve positive nonuniform boxes and compare independent refinements: 1185.0 s elapsed
    step 1, Newton 6: PCG 144, true residual 9.742e-07, 172.0s
  Evolve positive nonuniform boxes and compare independent refinements: 1200.0 s elapsed
  Evolve positive nonuniform boxes and compare independent refinements: 1215.0 s elapsed
  Evolve positive nonuniform boxes and compare independent refinements: 1230.0 s elapsed
  Evolve positive nonuniform boxes and compare independent refinements: 1245.1 s elapsed
  Evolve positive nonuniform boxes and compare independent refinements: 1260.1 s elapsed
  Evolve positive nonuniform boxes and compare independent refinements: 1275.1 s elapsed
  Evolve positive nonuniform boxes and compare independent refinements: 1290.1 s elapsed
  Evolve positive nonuniform boxes and compare independent refinements: 1305.1 s elapsed
  Evolve positive nonuniform boxes and compare independent refinements: 1320.1 s elapsed
  Evolve positive nonuniform boxes and compare independent refinements: 1335.1 s elapsed
  Evolve positive nonuniform boxes and compare independent refinements: 1350.1 s elapsed
    step 1, Newton 7: PCG 136, true residual 9.133e-07, 162.3s
  Evolve positive nonuniform boxes and compare independent refinements: 1365.1 s elapsed
  Evolve positive nonuniform boxes and compare independent refinements: 1380.1 s elapsed
  Evolve positive nonuniform boxes and compare independent refinements: 1395.1 s elapsed
  Evolve positive nonuniform boxes and compare independent refinements: 1410.1 s elapsed
  Evolve positive nonuniform boxes and compare independent refinements: 1425.1 s elapsed
  Evolve positive nonuniform boxes and compare independent refinements: 1440.1 s elapsed
  Evolve positive nonuniform boxes and compare independent refinements: 1455.1 s elapsed
  Evolve positive nonuniform boxes and compare independent refinements: 1470.1 s elapsed
  Evolve positive nonuniform boxes and compare independent refinements: 1485.1 s elapsed
  Evolve positive nonuniform boxes and compare independent refinements: 1500.1 s elapsed
  Evolve positive nonuniform boxes and compare independent refinements: 1515.1 s elapsed
    step 1, Newton 8: PCG 136, true residual 9.654e-07, 163.0s
  Evolve positive nonuniform boxes and compare independent refinements: 1530.1 s elapsed
  Evolve positive nonuniform boxes and compare independent refinements: 1545.1 s elapsed
  Evolve positive nonuniform boxes and compare independent refinements: 1560.1 s elapsed
  Evolve positive nonuniform boxes and compare independent refinements: 1575.1 s elapsed
  Evolve positive nonuniform boxes and compare independent refinements: 1590.1 s elapsed
  Evolve positive nonuniform boxes and compare independent refinements: 1605.1 s elapsed
  Evolve positive nonuniform boxes and compare independent refinements: 1620.1 s elapsed
  Evolve positive nonuniform boxes and compare independent refinements: 1635.1 s elapsed
  Evolve positive nonuniform boxes and compare independent refinements: 1650.1 s elapsed
  Evolve positive nonuniform boxes and compare independent refinements: 1665.1 s elapsed
  Evolve positive nonuniform boxes and compare independent refinements: 1680.1 s elapsed
    step 1, Newton 9: PCG 136, true residual 9.794e-07, 163.2s
  Evolve positive nonuniform boxes and compare independent refinements: 1695.1 s elapsed
  Evolve positive nonuniform boxes and compare independent refinements: 1710.1 s elapsed
  Evolve positive nonuniform boxes and compare independent refinements: 1725.1 s elapsed
  Evolve positive nonuniform boxes and compare independent refinements: 1740.1 s elapsed
  Evolve positive nonuniform boxes and compare independent refinements: 1755.1 s elapsed
  Evolve positive nonuniform boxes and compare independent refinements: 1770.1 s elapsed
  Evolve positive nonuniform boxes and compare independent refinements: 1785.1 s elapsed
  Evolve positive nonuniform boxes and compare independent refinements: 1800.1 s elapsed
  Evolve positive nonuniform boxes and compare independent refinements: 1815.1 s elapsed
  Evolve positive nonuniform boxes and compare independent refinements: 1830.1 s elapsed
  Evolve positive nonuniform boxes and compare independent refinements: 1845.1 s elapsed
    step 1, Newton 10: PCG 136, true residual 9.830e-07, 162.1s
  Evolve positive nonuniform boxes and compare independent refinements: 1860.1 s elapsed
  Evolve positive nonuniform boxes and compare independent refinements: 1875.1 s elapsed
  Evolve positive nonuniform boxes and compare independent refinements: 1890.1 s elapsed
  Evolve positive nonuniform boxes and compare independent refinements: 1905.1 s elapsed
  Evolve positive nonuniform boxes and compare independent refinements: 1920.1 s elapsed
  Evolve positive nonuniform boxes and compare independent refinements: 1935.1 s elapsed
  Evolve positive nonuniform boxes and compare independent refinements: 1950.1 s elapsed
  Evolve positive nonuniform boxes and compare independent refinements: 1965.1 s elapsed
  Evolve positive nonuniform boxes and compare independent refinements: 1980.1 s elapsed
  Evolve positive nonuniform boxes and compare independent refinements: 1995.1 s elapsed
  Evolve positive nonuniform boxes and compare independent refinements: 2010.1 s elapsed
    step 1, Newton 11: PCG 136, true residual 9.839e-07, 161.6s
  Evolve positive nonuniform boxes and compare independent refinements: 2025.1 s elapsed
  Evolve positive nonuniform boxes and compare independent refinements: 2040.1 s elapsed
  Evolve positive nonuniform boxes and compare independent refinements: 2055.1 s elapsed
  Evolve positive nonuniform boxes and compare independent refinements: 2070.1 s elapsed
  Evolve positive nonuniform boxes and compare independent refinements: 2085.1 s elapsed
  Evolve positive nonuniform boxes and compare independent refinements: 2100.1 s elapsed
  Evolve positive nonuniform boxes and compare independent refinements: 2115.1 s elapsed
  Evolve positive nonuniform boxes and compare independent refinements: 2130.1 s elapsed
  Evolve positive nonuniform boxes and compare independent refinements: 2145.1 s elapsed
  Evolve positive nonuniform boxes and compare independent refinements: 2160.1 s elapsed
  Evolve positive nonuniform boxes and compare independent refinements: 2175.1 s elapsed
    step 1, Newton 12: PCG 136, true residual 9.840e-07, 162.9s
  Evolve positive nonuniform boxes and compare independent refinements: 2190.1 s elapsed
  Evolve positive nonuniform boxes and compare independent refinements: 2205.1 s elapsed
  Evolve positive nonuniform boxes and compare independent refinements: 2220.1 s elapsed
  Evolve positive nonuniform boxes and compare independent refinements: 2235.1 s elapsed
  Evolve positive nonuniform boxes and compare independent refinements: 2250.1 s elapsed
  Evolve positive nonuniform boxes and compare independent refinements: 2265.1 s elapsed
  Evolve positive nonuniform boxes and compare independent refinements: 2280.1 s elapsed
  Evolve positive nonuniform boxes and compare independent refinements: 2295.1 s elapsed
  Evolve positive nonuniform boxes and compare independent refinements: 2310.1 s elapsed
  Evolve positive nonuniform boxes and compare independent refinements: 2325.1 s elapsed
    step 1, Newton 13: PCG 136, true residual 9.840e-07, 162.0s
  Evolve positive nonuniform boxes and compare independent refinements: 2340.1 s elapsed
  Evolve positive nonuniform boxes and compare independent refinements: 2355.1 s elapsed
  Evolve positive nonuniform boxes and compare independent refinements: 2370.1 s elapsed
  Evolve positive nonuniform boxes and compare independent refinements: 2385.1 s elapsed
  Evolve positive nonuniform boxes and compare independent refinements: 2400.1 s elapsed
  Evolve positive nonuniform boxes and compare independent refinements: 2415.1 s elapsed
  Evolve positive nonuniform boxes and compare independent refinements: 2430.1 s elapsed
  Evolve positive nonuniform boxes and compare independent refinements: 2445.1 s elapsed
  Evolve positive nonuniform boxes and compare independent refinements: 2460.1 s elapsed
  Evolve positive nonuniform boxes and compare independent refinements: 2475.1 s elapsed
  Evolve positive nonuniform boxes and compare independent refinements: 2490.1 s elapsed
    step 1, Newton 14: PCG 136, true residual 9.841e-07, 161.7s
  Evolve positive nonuniform boxes and compare independent refinements: 2505.1 s elapsed
  Evolve positive nonuniform boxes and compare independent refinements: 2520.1 s elapsed
  Evolve positive nonuniform boxes and compare independent refinements: 2535.1 s elapsed
  Evolve positive nonuniform boxes and compare independent refinements: 2550.1 s elapsed
  Evolve positive nonuniform boxes and compare independent refinements: 2565.1 s elapsed
  Evolve positive nonuniform boxes and compare independent refinements: 2580.1 s elapsed
  Evolve positive nonuniform boxes and compare independent refinements: 2595.1 s elapsed
  Evolve positive nonuniform boxes and compare independent refinements: 2610.1 s elapsed
  Evolve positive nonuniform boxes and compare independent refinements: 2625.1 s elapsed
  Evolve positive nonuniform boxes and compare independent refinements: 2640.1 s elapsed
  Evolve positive nonuniform boxes and compare independent refinements: 2655.1 s elapsed
    step 1, Newton 15: PCG 136, true residual 9.841e-07, 162.3s
  Evolve positive nonuniform boxes and compare independent refinements: 2670.1 s elapsed
  Evolve positive nonuniform boxes and compare independent refinements: 2685.1 s elapsed
  Evolve positive nonuniform boxes and compare independent refinements: 2700.1 s elapsed
  Evolve positive nonuniform boxes and compare independent refinements: 2715.1 s elapsed
  Evolve positive nonuniform boxes and compare independent refinements: 2730.1 s elapsed
  Evolve positive nonuniform boxes and compare independent refinements: 2745.1 s elapsed
  Evolve positive nonuniform boxes and compare independent refinements: 2760.1 s elapsed
  Evolve positive nonuniform boxes and compare independent refinements: 2775.1 s elapsed
  Evolve positive nonuniform boxes and compare independent refinements: 2790.1 s elapsed
  Evolve positive nonuniform boxes and compare independent refinements: 2805.1 s elapsed
  Evolve positive nonuniform boxes and compare independent refinements: 2820.1 s elapsed
    step 1, Newton 16: PCG 136, true residual 9.841e-07, 162.6s
  Evolve positive nonuniform boxes and compare independent refinements: 2835.1 s elapsed
  Evolve positive nonuniform boxes and compare independent refinements: 2850.1 s elapsed
  Evolve positive nonuniform boxes and compare independent refinements: 2865.1 s elapsed
  Evolve positive nonuniform boxes and compare independent refinements: 2880.1 s elapsed
  Evolve positive nonuniform boxes and compare independent refinements: 2895.1 s elapsed
  Evolve positive nonuniform boxes and compare independent refinements: 2910.1 s elapsed
  Evolve positive nonuniform boxes and compare independent refinements: 2925.1 s elapsed
  Evolve positive nonuniform boxes and compare independent refinements: 2940.1 s elapsed
  Evolve positive nonuniform boxes and compare independent refinements: 2955.1 s elapsed
  Evolve positive nonuniform boxes and compare independent refinements: 2970.1 s elapsed
  Evolve positive nonuniform boxes and compare independent refinements: 2985.1 s elapsed
    step 1, Newton 17: PCG 136, true residual 9.841e-07, 161.6s
  Evolve positive nonuniform boxes and compare independent refinements: 3000.1 s elapsed
  Evolve positive nonuniform boxes and compare independent refinements: 3015.1 s elapsed
  Evolve positive nonuniform boxes and compare independent refinements: 3030.1 s elapsed
  Evolve positive nonuniform boxes and compare independent refinements: 3045.1 s elapsed
  Evolve positive nonuniform boxes and compare independent refinements: 3060.1 s elapsed
  Evolve positive nonuniform boxes and compare independent refinements: 3075.1 s elapsed
  Evolve positive nonuniform boxes and compare independent refinements: 3090.1 s elapsed
  Evolve positive nonuniform boxes and compare independent refinements: 3105.1 s elapsed
  Evolve positive nonuniform boxes and compare independent refinements: 3120.1 s elapsed
  Evolve positive nonuniform boxes and compare independent refinements: 3135.1 s elapsed
  Evolve positive nonuniform boxes and compare independent refinements: 3150.1 s elapsed
    step 1, Newton 18: PCG 136, true residual 9.841e-07, 161.1s
  Evolve positive nonuniform boxes and compare independent refinements: 3165.1 s elapsed
  Evolve positive nonuniform boxes and compare independent refinements: 3180.1 s elapsed
  Evolve positive nonuniform boxes and compare independent refinements: 3195.1 s elapsed
  Evolve positive nonuniform boxes and compare independent refinements: 3210.1 s elapsed
  Evolve positive nonuniform boxes and compare independent refinements: 3225.1 s elapsed
  Evolve positive nonuniform boxes and compare independent refinements: 3240.1 s elapsed
  Evolve positive nonuniform boxes and compare independent refinements: 3255.1 s elapsed
  Evolve positive nonuniform boxes and compare independent refinements: 3270.1 s elapsed
  Evolve positive nonuniform boxes and compare independent refinements: 3285.1 s elapsed
  Evolve positive nonuniform boxes and compare independent refinements: 3300.1 s elapsed
  Evolve positive nonuniform boxes and compare independent refinements: 3315.1 s elapsed
    step 1, Newton 19: PCG 136, true residual 9.841e-07, 162.0s
  Evolve positive nonuniform boxes and compare independent refinements: 3330.1 s elapsed
  Evolve positive nonuniform boxes and compare independent refinements: 3345.1 s elapsed
  Evolve positive nonuniform boxes and compare independent refinements: 3360.1 s elapsed
  Evolve positive nonuniform boxes and compare independent refinements: 3375.1 s elapsed
  Evolve positive nonuniform boxes and compare independent refinements: 3390.1 s elapsed
  Evolve positive nonuniform boxes and compare independent refinements: 3405.1 s elapsed
  Evolve positive nonuniform boxes and compare independent refinements: 3420.1 s elapsed
  Evolve positive nonuniform boxes and compare independent refinements: 3435.1 s elapsed
  Evolve positive nonuniform boxes and compare independent refinements: 3450.1 s elapsed
  Evolve positive nonuniform boxes and compare independent refinements: 3465.1 s elapsed
  Evolve positive nonuniform boxes and compare independent refinements: 3480.1 s elapsed
    step 1, Newton 20: PCG 136, true residual 9.841e-07, 161.4s
  Evolve positive nonuniform boxes and compare independent refinements: 3495.1 s elapsed
  Evolve positive nonuniform boxes and compare independent refinements: 3510.1 s elapsed
  Evolve positive nonuniform boxes and compare independent refinements: 3525.1 s elapsed
  Evolve positive nonuniform boxes and compare independent refinements: 3540.1 s elapsed
  Evolve positive nonuniform boxes and compare independent refinements: 3555.1 s elapsed
  Evolve positive nonuniform boxes and compare independent refinements: 3570.1 s elapsed
  Evolve positive nonuniform boxes and compare independent refinements: 3585.1 s elapsed
  Evolve positive nonuniform boxes and compare independent refinements: 3600.1 s elapsed
  Evolve positive nonuniform boxes and compare independent refinements: 3615.1 s elapsed
  Evolve positive nonuniform boxes and compare independent refinements: 3630.1 s elapsed
    step 1, Newton 21: PCG 136, true residual 9.841e-07, 162.4s
  Evolve positive nonuniform boxes and compare independent refinements: returned after 3644.511 s
Traceback (most recent call last):
  File "/home/runner/work/sato-morrison/sato-morrison/examples/12_nonuniform_evolution.py", line 371, in <module>
    row = evaluate(field, **CASES[name], case_name=name)
          ^^^^^^^^^^^^^^^^^^^^^^^^^^^^^^^^^^^^^^^^^^^^^^
  File "/home/runner/work/sato-morrison/sato-morrison/examples/12_nonuniform_evolution.py", line 171, in evaluate
    answer = lagged_entropy_step(grid, state, dt, collision_strength=D,
             ^^^^^^^^^^^^^^^^^^^^^^^^^^^^^^^^^^^^^^^^^^^^^^^^^^^^^^^^^^
  File "/home/runner/work/sato-morrison/sato-morrison/src/sato_morrison/solver.py", line 556, in lagged_entropy_step
    else:raise StepFailure(f'lagged convex objective line search rejected step: residual={norm:.3e}')
         ^^^^^^^^^^^^^^^^^^^^^^^^^^^^^^^^^^^^^^^^^^^^^^^^^^^^^^^^^^^^^^^^^^^^^^^^^^^^^^^^^^^^^^^^^^^^
sato_morrison.solver.StepFailure: lagged convex objective line search rejected step: residual=4.002e-01
